<?xml version="1.0" encoding="utf-8"?>
<TestRun id="5cf0018e-819d-4b99-816d-523f86565517" name="@ee01623d796c 2026-06-19 09:48:04" xmlns="http://microsoft.com/schemas/VisualStudio/TeamTest/2010">
  <Times creation="2026-06-19T09:48:04.4603375+02:00" queuing="2026-06-19T09:48:04.4603376+02:00" start="2026-06-19T09:48:02.9368939+02:00" finish="2026-06-19T09:48:04.9943941+02:00" />
  <TestSettings name="default" id="6ece4388-7fd5-442f-b3ef-17acbe09e346">
    <Deployment runDeploymentRoot="_ee01623d796c_2026-06-19_09_48_04" />
  </TestSettings>
  <Results>
    <UnitTestResult executionId="fb2b4815-c609-4682-8702-c6261aa473fe" testId="0ad5cff1-3fd6-2619-a935-be483c22da79" testName="Feature163 PackageFeed.discovers packable packages and classifies stale current and missing pins" computerName="ee01623d796c" duration="00:00:00.0120000" startTime="2026-06-19T09:48:04.3655830+02:00" endTime="2026-06-19T09:48:04.4212866+02:00" testType="13cdc9d9-ddb5-4fa4-a97d-d965ccfc6d4b" outcome="Passed" testListId="8c84fa94-04c1-424b-9868-57a2d4851a1d" relativeResultsDirectory="fb2b4815-c609-4682-8702-c6261aa473fe" />
    <UnitTestResult executionId="5d75a949-b1cb-4916-9ead-116e5cc51c5c" testId="94f95e69-f23d-e191-673a-4f76f038bba1" testName="Feature163 ValidationLanes.default lane definitions include required minimum lanes with isolated outputs" computerName="ee01623d796c" duration="00:00:00.0080000" startTime="2026-06-19T09:48:04.3647575+02:00" endTime="2026-06-19T09:48:04.4147699+02:00" testType="13cdc9d9-ddb5-4fa4-a97d-d965ccfc6d4b" outcome="Passed" testListId="8c84fa94-04c1-424b-9868-57a2d4851a1d" relativeResultsDirectory="5d75a949-b1cb-4916-9ead-116e5cc51c5c" />
    <UnitTestResult executionId="69b41dd5-259a-43ae-ad81-5d5030b4fcf1" testId="59516c00-625c-0775-bf70-ad2d218b70fa" testName="Feature163 ValidationSummary.Synthetic readiness is blocked for failed required lanes and incomplete for not-run lanes" computerName="ee01623d796c" duration="00:00:00.0080000" startTime="2026-06-19T09:48:04.3647562+02:00" endTime="2026-06-19T09:48:04.4147559+02:00" testType="13cdc9d9-ddb5-4fa4-a97d-d965ccfc6d4b" outcome="Passed" testListId="8c84fa94-04c1-424b-9868-57a2d4851a1d" relativeResultsDirectory="69b41dd5-259a-43ae-ad81-5d5030b4fcf1" />
    <UnitTestResult executionId="82b9cf94-2023-4507-ae7f-8116bd29c10e" testId="380e2f2b-9788-e709-352f-2fca234b1bc7" testName="Feature163 PackageSourceProof.generated NuGet config constrains FS.GG.UI packages to local feed rule" computerName="ee01623d796c" duration="00:00:00.0110000" startTime="2026-06-19T09:48:04.3651538+02:00" endTime="2026-06-19T09:48:04.4212100+02:00" testType="13cdc9d9-ddb5-4fa4-a97d-d965ccfc6d4b" outcome="Passed" testListId="8c84fa94-04c1-424b-9868-57a2d4851a1d" relativeResultsDirectory="82b9cf94-2023-4507-ae7f-8116bd29c10e" />
    <UnitTestResult executionId="8e622446-8c3b-48b4-9c60-4684e6141db2" testId="f4f57ca7-9ddc-34a1-259d-5cb4e251ec36" testName="Feature163 ValidationSummary.Synthetic mixed summary renders all eight lane statuses and aggregate separation" computerName="ee01623d796c" duration="00:00:00.0080000" startTime="2026-06-19T09:48:04.3647566+02:00" endTime="2026-06-19T09:48:04.4147505+02:00" testType="13cdc9d9-ddb5-4fa4-a97d-d965ccfc6d4b" outcome="Passed" testListId="8c84fa94-04c1-424b-9868-57a2d4851a1d" relativeResultsDirectory="8e622446-8c3b-48b4-9c60-4684e6141db2" />
    <UnitTestResult executionId="40d61587-ad49-4383-a7a2-02d6e686209f" testId="9e973f61-385a-2cd9-3b2c-3fa66b36601a" testName="Feature163 PackageSourceProof.clear-global-cache without cold mode is a cache policy violation" computerName="ee01623d796c" duration="00:00:00.0360000" startTime="2026-06-19T09:48:04.3655738+02:00" endTime="2026-06-19T09:48:04.4372810+02:00" testType="13cdc9d9-ddb5-4fa4-a97d-d965ccfc6d4b" outcome="Passed" testListId="8c84fa94-04c1-424b-9868-57a2d4851a1d" relativeResultsDirectory="40d61587-ad49-4383-a7a2-02d6e686209f" />
    <UnitTestResult executionId="1c3f7dd8-fea3-4f75-bf30-a934744e19c8" testId="c2bdfe0f-29c2-e073-9ff6-6e51a3c343d0" testName="Feature163 PackageSourceProof.proof mode fails closed when expected local feed package is missing" computerName="ee01623d796c" duration="00:00:00.0380000" startTime="2026-06-19T09:48:04.3653002+02:00" endTime="2026-06-19T09:48:04.4373430+02:00" testType="13cdc9d9-ddb5-4fa4-a97d-d965ccfc6d4b" outcome="Passed" testListId="8c84fa94-04c1-424b-9868-57a2d4851a1d" relativeResultsDirectory="1c3f7dd8-fea3-4f75-bf30-a934744e19c8" />
    <UnitTestResult executionId="e1487f17-40c0-48ca-91ce-9d1cbca6c3b2" testId="696ab8b8-315c-7266-d8d4-ad4ca16f0dfe" testName="Feature163 PackageFeed.pure MVU emits discovery sample feed restore and evidence effects" computerName="ee01623d796c" duration="00:00:00.0160000" startTime="2026-06-19T09:48:04.4088010+02:00" endTime="2026-06-19T09:48:04.4345074+02:00" testType="13cdc9d9-ddb5-4fa4-a97d-d965ccfc6d4b" outcome="Passed" testListId="8c84fa94-04c1-424b-9868-57a2d4851a1d" relativeResultsDirectory="e1487f17-40c0-48ca-91ce-9d1cbca6c3b2" />
    <UnitTestResult executionId="ba39b17f-a5e1-47e5-8c9a-ff9b5352733b" testId="dfb25dec-748b-9f5a-0458-ecab274d7c14" testName="Feature163 PackageFeed.refresh mode rewrites stale FS.GG.UI package pins before sample build" computerName="ee01623d796c" duration="00:00:00.0100000" startTime="2026-06-19T09:48:04.4088004+02:00" endTime="2026-06-19T09:48:04.4345084+02:00" testType="13cdc9d9-ddb5-4fa4-a97d-d965ccfc6d4b" outcome="Passed" testListId="8c84fa94-04c1-424b-9868-57a2d4851a1d" relativeResultsDirectory="ba39b17f-a5e1-47e5-8c9a-ff9b5352733b" />
    <UnitTestResult executionId="a5aa61f8-80a9-46dc-88d6-8e9939af14b2" testId="638b357e-5a01-8f3b-dd32-290aecdf452e" testName="Feature163 PackageSourceProof.proof mode reports no-selected-samples and no-package-pins distinctly" computerName="ee01623d796c" duration="00:00:00.0390000" startTime="2026-06-19T09:48:04.3654424+02:00" endTime="2026-06-19T09:48:04.4388741+02:00" testType="13cdc9d9-ddb5-4fa4-a97d-d965ccfc6d4b" outcome="Passed" testListId="8c84fa94-04c1-424b-9868-57a2d4851a1d" relativeResultsDirectory="a5aa61f8-80a9-46dc-88d6-8e9939af14b2" />
    <UnitTestResult executionId="21d0524c-264a-4226-bd06-a669b28a0559" testId="d0c5c946-ef25-ff0d-1dd3-db7773477894" testName="Feature163 PackageFeed.accepted compatibility exception is explicit and not a silent stale-pin pass" computerName="ee01623d796c" duration="00:00:00.0030000" startTime="2026-06-19T09:48:04.4377188+02:00" endTime="2026-06-19T09:48:04.4427833+02:00" testType="13cdc9d9-ddb5-4fa4-a97d-d965ccfc6d4b" outcome="Passed" testListId="8c84fa94-04c1-424b-9868-57a2d4851a1d" relativeResultsDirectory="21d0524c-264a-4226-bd06-a669b28a0559" />
    <UnitTestResult executionId="91574d02-8418-4654-812c-92ee03bc9553" testId="ccce2471-7b3c-6290-2c34-d4d5a251800d" testName="Feature163 ValidationLanes.pure lane MVU records start completion cancellation and summary effects" computerName="ee01623d796c" duration="00:00:00.0110000" startTime="2026-06-19T09:48:04.3647945+02:00" endTime="2026-06-19T09:48:04.4151924+02:00" testType="13cdc9d9-ddb5-4fa4-a97d-d965ccfc6d4b" outcome="Passed" testListId="8c84fa94-04c1-424b-9868-57a2d4851a1d" relativeResultsDirectory="91574d02-8418-4654-812c-92ee03bc9553" />
    <UnitTestResult executionId="5438e19f-c863-446b-9d2a-03c5a3e55ba0" testId="2ea10f5a-2a14-b315-2362-a9f3fea0f5a8" testName="Feature163 ValidationLanes.process runner classifies passed failed timed-out and hung lanes" computerName="ee01623d796c" duration="00:00:00.4960000" startTime="2026-06-19T09:48:04.3649805+02:00" endTime="2026-06-19T09:48:04.8949636+02:00" testType="13cdc9d9-ddb5-4fa4-a97d-d965ccfc6d4b" outcome="Passed" testListId="8c84fa94-04c1-424b-9868-57a2d4851a1d" relativeResultsDirectory="5438e19f-c863-446b-9d2a-03c5a3e55ba0" />
  </Results>
  <TestDefinitions>
    <UnitTest name="Feature163 PackageFeed.pure MVU emits discovery sample feed restore and evidence effects" storage="/home/developer/projects/fs.gg.rendering/tests/rendering.harness.tests/bin/debug/net10.0/rendering.harness.tests.dll" id="696ab8b8-315c-7266-d8d4-ad4ca16f0dfe">
      <Execution id="e1487f17-40c0-48ca-91ce-9d1cbca6c3b2" />
      <TestMethod codeBase="/home/developer/projects/FS.GG.Rendering/tests/Rendering.Harness.Tests/bin/Debug/net10.0/Rendering.Harness.Tests.dll" adapterTypeName="executor://yolodev/expecto" className="Feature163 PackageFeed" name="pure MVU emits discovery sample feed restore and evidence effects" />
    </UnitTest>
    <UnitTest name="Feature163 ValidationLanes.default lane definitions include required minimum lanes with isolated outputs" storage="/home/developer/projects/fs.gg.rendering/tests/rendering.harness.tests/bin/debug/net10.0/rendering.harness.tests.dll" id="94f95e69-f23d-e191-673a-4f76f038bba1">
      <Execution id="5d75a949-b1cb-4916-9ead-116e5cc51c5c" />
      <TestMethod codeBase="/home/developer/projects/FS.GG.Rendering/tests/Rendering.Harness.Tests/bin/Debug/net10.0/Rendering.Harness.Tests.dll" adapterTypeName="executor://yolodev/expecto" className="Feature163 ValidationLanes" name="default lane definitions include required minimum lanes with isolated outputs" />
    </UnitTest>
    <UnitTest name="Feature163 PackageFeed.discovers packable packages and classifies stale current and missing pins" storage="/home/developer/projects/fs.gg.rendering/tests/rendering.harness.tests/bin/debug/net10.0/rendering.harness.tests.dll" id="0ad5cff1-3fd6-2619-a935-be483c22da79">
      <Execution id="fb2b4815-c609-4682-8702-c6261aa473fe" />
      <TestMethod codeBase="/home/developer/projects/FS.GG.Rendering/tests/Rendering.Harness.Tests/bin/Debug/net10.0/Rendering.Harness.Tests.dll" adapterTypeName="executor://yolodev/expecto" className="Feature163 PackageFeed" name="discovers packable packages and classifies stale current and missing pins" />
    </UnitTest>
    <UnitTest name="Feature163 PackageSourceProof.clear-global-cache without cold mode is a cache policy violation" storage="/home/developer/projects/fs.gg.rendering/tests/rendering.harness.tests/bin/debug/net10.0/rendering.harness.tests.dll" id="9e973f61-385a-2cd9-3b2c-3fa66b36601a">
      <Execution id="40d61587-ad49-4383-a7a2-02d6e686209f" />
      <TestMethod codeBase="/home/developer/projects/FS.GG.Rendering/tests/Rendering.Harness.Tests/bin/Debug/net10.0/Rendering.Harness.Tests.dll" adapterTypeName="executor://yolodev/expecto" className="Feature163 PackageSourceProof" name="clear-global-cache without cold mode is a cache policy violation" />
    </UnitTest>
    <UnitTest name="Feature163 ValidationLanes.process runner classifies passed failed timed-out and hung lanes" storage="/home/developer/projects/fs.gg.rendering/tests/rendering.harness.tests/bin/debug/net10.0/rendering.harness.tests.dll" id="2ea10f5a-2a14-b315-2362-a9f3fea0f5a8">
      <Execution id="5438e19f-c863-446b-9d2a-03c5a3e55ba0" />
      <TestMethod codeBase="/home/developer/projects/FS.GG.Rendering/tests/Rendering.Harness.Tests/bin/Debug/net10.0/Rendering.Harness.Tests.dll" adapterTypeName="executor://yolodev/expecto" className="Feature163 ValidationLanes" name="process runner classifies passed failed timed-out and hung lanes" />
    </UnitTest>
    <UnitTest name="Feature163 ValidationSummary.Synthetic mixed summary renders all eight lane statuses and aggregate separation" storage="/home/developer/projects/fs.gg.rendering/tests/rendering.harness.tests/bin/debug/net10.0/rendering.harness.tests.dll" id="f4f57ca7-9ddc-34a1-259d-5cb4e251ec36">
      <Execution id="8e622446-8c3b-48b4-9c60-4684e6141db2" />
      <TestMethod codeBase="/home/developer/projects/FS.GG.Rendering/tests/Rendering.Harness.Tests/bin/Debug/net10.0/Rendering.Harness.Tests.dll" adapterTypeName="executor://yolodev/expecto" className="Feature163 ValidationSummary" name="Synthetic mixed summary renders all eight lane statuses and aggregate separation" />
    </UnitTest>
    <UnitTest name="Feature163 ValidationSummary.Synthetic readiness is blocked for failed required lanes and incomplete for not-run lanes" storage="/home/developer/projects/fs.gg.rendering/tests/rendering.harness.tests/bin/debug/net10.0/rendering.harness.tests.dll" id="59516c00-625c-0775-bf70-ad2d218b70fa">
      <Execution id="69b41dd5-259a-43ae-ad81-5d5030b4fcf1" />
      <TestMethod codeBase="/home/developer/projects/FS.GG.Rendering/tests/Rendering.Harness.Tests/bin/Debug/net10.0/Rendering.Harness.Tests.dll" adapterTypeName="executor://yolodev/expecto" className="Feature163 ValidationSummary" name="Synthetic readiness is blocked for failed required lanes and incomplete for not-run lanes" />
    </UnitTest>
    <UnitTest name="Feature163 PackageSourceProof.generated NuGet config constrains FS.GG.UI packages to local feed rule" storage="/home/developer/projects/fs.gg.rendering/tests/rendering.harness.tests/bin/debug/net10.0/rendering.harness.tests.dll" id="380e2f2b-9788-e709-352f-2fca234b1bc7">
      <Execution id="82b9cf94-2023-4507-ae7f-8116bd29c10e" />
      <TestMethod codeBase="/home/developer/projects/FS.GG.Rendering/tests/Rendering.Harness.Tests/bin/Debug/net10.0/Rendering.Harness.Tests.dll" adapterTypeName="executor://yolodev/expecto" className="Feature163 PackageSourceProof.generated NuGet config constrains FS.GG" name="UI packages to local feed rule" />
    </UnitTest>
    <UnitTest name="Feature163 PackageSourceProof.proof mode fails closed when expected local feed package is missing" storage="/home/developer/projects/fs.gg.rendering/tests/rendering.harness.tests/bin/debug/net10.0/rendering.harness.tests.dll" id="c2bdfe0f-29c2-e073-9ff6-6e51a3c343d0">
      <Execution id="1c3f7dd8-fea3-4f75-bf30-a934744e19c8" />
      <TestMethod codeBase="/home/developer/projects/FS.GG.Rendering/tests/Rendering.Harness.Tests/bin/Debug/net10.0/Rendering.Harness.Tests.dll" adapterTypeName="executor://yolodev/expecto" className="Feature163 PackageSourceProof" name="proof mode fails closed when expected local feed package is missing" />
    </UnitTest>
    <UnitTest name="Feature163 PackageFeed.accepted compatibility exception is explicit and not a silent stale-pin pass" storage="/home/developer/projects/fs.gg.rendering/tests/rendering.harness.tests/bin/debug/net10.0/rendering.harness.tests.dll" id="d0c5c946-ef25-ff0d-1dd3-db7773477894">
      <Execution id="21d0524c-264a-4226-bd06-a669b28a0559" />
      <TestMethod codeBase="/home/developer/projects/FS.GG.Rendering/tests/Rendering.Harness.Tests/bin/Debug/net10.0/Rendering.Harness.Tests.dll" adapterTypeName="executor://yolodev/expecto" className="Feature163 PackageFeed" name="accepted compatibility exception is explicit and not a silent stale-pin pass" />
    </UnitTest>
    <UnitTest name="Feature163 PackageSourceProof.proof mode reports no-selected-samples and no-package-pins distinctly" storage="/home/developer/projects/fs.gg.rendering/tests/rendering.harness.tests/bin/debug/net10.0/rendering.harness.tests.dll" id="638b357e-5a01-8f3b-dd32-290aecdf452e">
      <Execution id="a5aa61f8-80a9-46dc-88d6-8e9939af14b2" />
      <TestMethod codeBase="/home/developer/projects/FS.GG.Rendering/tests/Rendering.Harness.Tests/bin/Debug/net10.0/Rendering.Harness.Tests.dll" adapterTypeName="executor://yolodev/expecto" className="Feature163 PackageSourceProof" name="proof mode reports no-selected-samples and no-package-pins distinctly" />
    </UnitTest>
    <UnitTest name="Feature163 ValidationLanes.pure lane MVU records start completion cancellation and summary effects" storage="/home/developer/projects/fs.gg.rendering/tests/rendering.harness.tests/bin/debug/net10.0/rendering.harness.tests.dll" id="ccce2471-7b3c-6290-2c34-d4d5a251800d">
      <Execution id="91574d02-8418-4654-812c-92ee03bc9553" />
      <TestMethod codeBase="/home/developer/projects/FS.GG.Rendering/tests/Rendering.Harness.Tests/bin/Debug/net10.0/Rendering.Harness.Tests.dll" adapterTypeName="executor://yolodev/expecto" className="Feature163 ValidationLanes" name="pure lane MVU records start completion cancellation and summary effects" />
    </UnitTest>
    <UnitTest name="Feature163 PackageFeed.refresh mode rewrites stale FS.GG.UI package pins before sample build" storage="/home/developer/projects/fs.gg.rendering/tests/rendering.harness.tests/bin/debug/net10.0/rendering.harness.tests.dll" id="dfb25dec-748b-9f5a-0458-ecab274d7c14">
      <Execution id="ba39b17f-a5e1-47e5-8c9a-ff9b5352733b" />
      <TestMethod codeBase="/home/developer/projects/FS.GG.Rendering/tests/Rendering.Harness.Tests/bin/Debug/net10.0/Rendering.Harness.Tests.dll" adapterTypeName="executor://yolodev/expecto" className="Feature163 PackageFeed.refresh mode rewrites stale FS.GG" name="UI package pins before sample build" />
    </UnitTest>
  </TestDefinitions>
  <TestEntries>
    <TestEntry testId="0ad5cff1-3fd6-2619-a935-be483c22da79" executionId="fb2b4815-c609-4682-8702-c6261aa473fe" testListId="8c84fa94-04c1-424b-9868-57a2d4851a1d" />
    <TestEntry testId="94f95e69-f23d-e191-673a-4f76f038bba1" executionId="5d75a949-b1cb-4916-9ead-116e5cc51c5c" testListId="8c84fa94-04c1-424b-9868-57a2d4851a1d" />
    <TestEntry testId="59516c00-625c-0775-bf70-ad2d218b70fa" executionId="69b41dd5-259a-43ae-ad81-5d5030b4fcf1" testListId="8c84fa94-04c1-424b-9868-57a2d4851a1d" />
    <TestEntry testId="380e2f2b-9788-e709-352f-2fca234b1bc7" executionId="82b9cf94-2023-4507-ae7f-8116bd29c10e" testListId="8c84fa94-04c1-424b-9868-57a2d4851a1d" />
    <TestEntry testId="f4f57ca7-9ddc-34a1-259d-5cb4e251ec36" executionId="8e622446-8c3b-48b4-9c60-4684e6141db2" testListId="8c84fa94-04c1-424b-9868-57a2d4851a1d" />
    <TestEntry testId="9e973f61-385a-2cd9-3b2c-3fa66b36601a" executionId="40d61587-ad49-4383-a7a2-02d6e686209f" testListId="8c84fa94-04c1-424b-9868-57a2d4851a1d" />
    <TestEntry testId="c2bdfe0f-29c2-e073-9ff6-6e51a3c343d0" executionId="1c3f7dd8-fea3-4f75-bf30-a934744e19c8" testListId="8c84fa94-04c1-424b-9868-57a2d4851a1d" />
    <TestEntry testId="696ab8b8-315c-7266-d8d4-ad4ca16f0dfe" executionId="e1487f17-40c0-48ca-91ce-9d1cbca6c3b2" testListId="8c84fa94-04c1-424b-9868-57a2d4851a1d" />
    <TestEntry testId="dfb25dec-748b-9f5a-0458-ecab274d7c14" executionId="ba39b17f-a5e1-47e5-8c9a-ff9b5352733b" testListId="8c84fa94-04c1-424b-9868-57a2d4851a1d" />
    <TestEntry testId="638b357e-5a01-8f3b-dd32-290aecdf452e" executionId="a5aa61f8-80a9-46dc-88d6-8e9939af14b2" testListId="8c84fa94-04c1-424b-9868-57a2d4851a1d" />
    <TestEntry testId="d0c5c946-ef25-ff0d-1dd3-db7773477894" executionId="21d0524c-264a-4226-bd06-a669b28a0559" testListId="8c84fa94-04c1-424b-9868-57a2d4851a1d" />
    <TestEntry testId="ccce2471-7b3c-6290-2c34-d4d5a251800d" executionId="91574d02-8418-4654-812c-92ee03bc9553" testListId="8c84fa94-04c1-424b-9868-57a2d4851a1d" />
    <TestEntry testId="2ea10f5a-2a14-b315-2362-a9f3fea0f5a8" executionId="5438e19f-c863-446b-9d2a-03c5a3e55ba0" testListId="8c84fa94-04c1-424b-9868-57a2d4851a1d" />
  </TestEntries>
  <TestLists>
    <TestList name="Results Not in a List" id="8c84fa94-04c1-424b-9868-57a2d4851a1d" />
    <TestList name="All Loaded Results" id="19431567-8539-422a-85d7-44ee4e166bda" />
  </TestLists>
  <ResultSummary outcome="Completed">
    <Counters total="13" executed="13" passed="13" failed="0" error="0" timeout="0" aborted="0" inconclusive="0" passedButRunAborted="0" notRunnable="0" notExecuted="0" disconnected="0" warning="0" completed="0" inProgress="0" pending="0" />
    <RunInfos>
      <RunInfo computerName="ee01623d796c" outcome="Warning" timestamp="2026-06-19T09:48:04.9531369+02:00">
        <Text>Data collector 'Blame' message: All tests finished running, Sequence file will not be generated.</Text>
      </RunInfo>
    </RunInfos>
  </ResultSummary>
</TestRun>