<?xml version="1.0" encoding="utf-8"?>
<TestRun id="c752aa6a-37cc-4ead-bd2b-996728ecf0fe" name="@ee01623d796c 2026-06-19 09:42:02" xmlns="http://microsoft.com/schemas/VisualStudio/TeamTest/2010">
  <Times creation="2026-06-19T09:42:02.8755384+02:00" queuing="2026-06-19T09:42:02.8755385+02:00" start="2026-06-19T09:42:01.1329802+02:00" finish="2026-06-19T09:42:03.3982014+02:00" />
  <TestSettings name="default" id="96301773-b4d6-42d0-b094-0079858c4ed8">
    <Deployment runDeploymentRoot="_ee01623d796c_2026-06-19_09_42_02" />
  </TestSettings>
  <Results>
    <UnitTestResult executionId="df79a836-46d6-4c72-8f3b-8068a225f77a" testId="2ea10f5a-2a14-b315-2362-a9f3fea0f5a8" testName="Feature163 ValidationLanes.process runner classifies passed failed timed-out and hung lanes" computerName="ee01623d796c" duration="00:00:00.5170000" startTime="2026-06-19T09:42:02.7558222+02:00" endTime="2026-06-19T09:42:03.3108326+02:00" testType="13cdc9d9-ddb5-4fa4-a97d-d965ccfc6d4b" outcome="Passed" testListId="8c84fa94-04c1-424b-9868-57a2d4851a1d" relativeResultsDirectory="df79a836-46d6-4c72-8f3b-8068a225f77a" />
    <UnitTestResult executionId="00102021-e693-43e9-bcc9-0b41ec0c1769" testId="9e973f61-385a-2cd9-3b2c-3fa66b36601a" testName="Feature163 PackageSourceProof.clear-global-cache without cold mode is a cache policy violation" computerName="ee01623d796c" duration="00:00:00.0500000" startTime="2026-06-19T09:42:02.7564817+02:00" endTime="2026-06-19T09:42:02.8483262+02:00" testType="13cdc9d9-ddb5-4fa4-a97d-d965ccfc6d4b" outcome="Passed" testListId="8c84fa94-04c1-424b-9868-57a2d4851a1d" relativeResultsDirectory="00102021-e693-43e9-bcc9-0b41ec0c1769" />
    <UnitTestResult executionId="94f4bf80-5e79-4a0e-b84e-c6c42555bc34" testId="c2bdfe0f-29c2-e073-9ff6-6e51a3c343d0" testName="Feature163 PackageSourceProof.proof mode fails closed when expected local feed package is missing" computerName="ee01623d796c" duration="00:00:00.0530000" startTime="2026-06-19T09:42:02.7561753+02:00" endTime="2026-06-19T09:42:02.8484883+02:00" testType="13cdc9d9-ddb5-4fa4-a97d-d965ccfc6d4b" outcome="Passed" testListId="8c84fa94-04c1-424b-9868-57a2d4851a1d" relativeResultsDirectory="94f4bf80-5e79-4a0e-b84e-c6c42555bc34" />
    <UnitTestResult executionId="5762da22-a657-4952-9d68-8d43b9c80fce" testId="696ab8b8-315c-7266-d8d4-ad4ca16f0dfe" testName="Feature163 PackageFeed.pure MVU emits discovery sample feed restore and evidence effects" computerName="ee01623d796c" duration="00:00:00.0210000" startTime="2026-06-19T09:42:02.8095769+02:00" endTime="2026-06-19T09:42:02.8412169+02:00" testType="13cdc9d9-ddb5-4fa4-a97d-d965ccfc6d4b" outcome="Passed" testListId="8c84fa94-04c1-424b-9868-57a2d4851a1d" relativeResultsDirectory="5762da22-a657-4952-9d68-8d43b9c80fce" />
    <UnitTestResult executionId="98965f49-167d-47a4-a75f-2c1eb445a34b" testId="638b357e-5a01-8f3b-dd32-290aecdf452e" testName="Feature163 PackageSourceProof.proof mode reports no-selected-samples and no-package-pins distinctly" computerName="ee01623d796c" duration="00:00:00.0530000" startTime="2026-06-19T09:42:02.7563473+02:00" endTime="2026-06-19T09:42:02.8503612+02:00" testType="13cdc9d9-ddb5-4fa4-a97d-d965ccfc6d4b" outcome="Passed" testListId="8c84fa94-04c1-424b-9868-57a2d4851a1d" relativeResultsDirectory="98965f49-167d-47a4-a75f-2c1eb445a34b" />
    <UnitTestResult executionId="75d57ec0-1b47-4104-b035-c3a43cee20f9" testId="59516c00-625c-0775-bf70-ad2d218b70fa" testName="Feature163 ValidationSummary.Synthetic readiness is blocked for failed required lanes and incomplete for not-run lanes" computerName="ee01623d796c" duration="00:00:00.0130000" startTime="2026-06-19T09:42:02.7555989+02:00" endTime="2026-06-19T09:42:02.8191371+02:00" testType="13cdc9d9-ddb5-4fa4-a97d-d965ccfc6d4b" outcome="Passed" testListId="8c84fa94-04c1-424b-9868-57a2d4851a1d" relativeResultsDirectory="75d57ec0-1b47-4104-b035-c3a43cee20f9" />
    <UnitTestResult executionId="d1f15627-0a2f-4e18-8c40-f534c94ae2bc" testId="ccce2471-7b3c-6290-2c34-d4d5a251800d" testName="Feature163 ValidationLanes.pure lane MVU records start completion cancellation and summary effects" computerName="ee01623d796c" duration="00:00:00.0170000" startTime="2026-06-19T09:42:02.7556479+02:00" endTime="2026-06-19T09:42:02.8164067+02:00" testType="13cdc9d9-ddb5-4fa4-a97d-d965ccfc6d4b" outcome="Passed" testListId="8c84fa94-04c1-424b-9868-57a2d4851a1d" relativeResultsDirectory="d1f15627-0a2f-4e18-8c40-f534c94ae2bc" />
    <UnitTestResult executionId="603194ea-d129-4c3d-a483-64f0bf2e1991" testId="dfb25dec-748b-9f5a-0458-ecab274d7c14" testName="Feature163 PackageFeed.refresh mode rewrites stale FS.GG.UI package pins before sample build" computerName="ee01623d796c" duration="00:00:00.0140000" startTime="2026-06-19T09:42:02.8095674+02:00" endTime="2026-06-19T09:42:02.8412177+02:00" testType="13cdc9d9-ddb5-4fa4-a97d-d965ccfc6d4b" outcome="Passed" testListId="8c84fa94-04c1-424b-9868-57a2d4851a1d" relativeResultsDirectory="603194ea-d129-4c3d-a483-64f0bf2e1991" />
    <UnitTestResult executionId="2436c716-c85a-4781-9571-959c05fd45b0" testId="f4f57ca7-9ddc-34a1-259d-5cb4e251ec36" testName="Feature163 ValidationSummary.Synthetic mixed summary renders all eight lane statuses and aggregate separation" computerName="ee01623d796c" duration="00:00:00.0130000" startTime="2026-06-19T09:42:02.7555987+02:00" endTime="2026-06-19T09:42:02.8162551+02:00" testType="13cdc9d9-ddb5-4fa4-a97d-d965ccfc6d4b" outcome="Passed" testListId="8c84fa94-04c1-424b-9868-57a2d4851a1d" relativeResultsDirectory="2436c716-c85a-4781-9571-959c05fd45b0" />
    <UnitTestResult executionId="4b2daa70-7c4d-4f4d-84ec-1eb641cc30ff" testId="94f95e69-f23d-e191-673a-4f76f038bba1" testName="Feature163 ValidationLanes.default lane definitions include required minimum lanes with isolated outputs" computerName="ee01623d796c" duration="00:00:00.0140000" startTime="2026-06-19T09:42:02.7555993+02:00" endTime="2026-06-19T09:42:02.8166185+02:00" testType="13cdc9d9-ddb5-4fa4-a97d-d965ccfc6d4b" outcome="Passed" testListId="8c84fa94-04c1-424b-9868-57a2d4851a1d" relativeResultsDirectory="4b2daa70-7c4d-4f4d-84ec-1eb641cc30ff" />
    <UnitTestResult executionId="cba2aa4d-82af-4d62-88c2-8116fefb0d66" testId="d0c5c946-ef25-ff0d-1dd3-db7773477894" testName="Feature163 PackageFeed.accepted compatibility exception is explicit and not a silent stale-pin pass" computerName="ee01623d796c" duration="00:00:00.0030000" startTime="2026-06-19T09:42:02.8451584+02:00" endTime="2026-06-19T09:42:02.8503743+02:00" testType="13cdc9d9-ddb5-4fa4-a97d-d965ccfc6d4b" outcome="Passed" testListId="8c84fa94-04c1-424b-9868-57a2d4851a1d" relativeResultsDirectory="cba2aa4d-82af-4d62-88c2-8116fefb0d66" />
    <UnitTestResult executionId="cb1eb8c3-ebff-45bf-8047-f892bcd7bf14" testId="380e2f2b-9788-e709-352f-2fca234b1bc7" testName="Feature163 PackageSourceProof.generated NuGet config constrains FS.GG.UI packages to local feed rule" computerName="ee01623d796c" duration="00:00:00.0120000" startTime="2026-06-19T09:42:02.7560429+02:00" endTime="2026-06-19T09:42:02.8255744+02:00" testType="13cdc9d9-ddb5-4fa4-a97d-d965ccfc6d4b" outcome="Passed" testListId="8c84fa94-04c1-424b-9868-57a2d4851a1d" relativeResultsDirectory="cb1eb8c3-ebff-45bf-8047-f892bcd7bf14" />
    <UnitTestResult executionId="0c4113de-4b52-4c1d-94ad-bfe0cd02e7de" testId="0ad5cff1-3fd6-2619-a935-be483c22da79" testName="Feature163 PackageFeed.discovers packable packages and classifies stale current and missing pins" computerName="ee01623d796c" duration="00:00:00.0170000" startTime="2026-06-19T09:42:02.7564904+02:00" endTime="2026-06-19T09:42:02.8259271+02:00" testType="13cdc9d9-ddb5-4fa4-a97d-d965ccfc6d4b" outcome="Passed" testListId="8c84fa94-04c1-424b-9868-57a2d4851a1d" relativeResultsDirectory="0c4113de-4b52-4c1d-94ad-bfe0cd02e7de" />
  </Results>
  <TestDefinitions>
    <UnitTest name="Feature163 PackageFeed.pure MVU emits discovery sample feed restore and evidence effects" storage="/home/developer/projects/fs.gg.rendering/tests/rendering.harness.tests/bin/debug/net10.0/rendering.harness.tests.dll" id="696ab8b8-315c-7266-d8d4-ad4ca16f0dfe">
      <Execution id="5762da22-a657-4952-9d68-8d43b9c80fce" />
      <TestMethod codeBase="/home/developer/projects/FS.GG.Rendering/tests/Rendering.Harness.Tests/bin/Debug/net10.0/Rendering.Harness.Tests.dll" adapterTypeName="executor://yolodev/expecto" className="Feature163 PackageFeed" name="pure MVU emits discovery sample feed restore and evidence effects" />
    </UnitTest>
    <UnitTest name="Feature163 ValidationLanes.default lane definitions include required minimum lanes with isolated outputs" storage="/home/developer/projects/fs.gg.rendering/tests/rendering.harness.tests/bin/debug/net10.0/rendering.harness.tests.dll" id="94f95e69-f23d-e191-673a-4f76f038bba1">
      <Execution id="4b2daa70-7c4d-4f4d-84ec-1eb641cc30ff" />
      <TestMethod codeBase="/home/developer/projects/FS.GG.Rendering/tests/Rendering.Harness.Tests/bin/Debug/net10.0/Rendering.Harness.Tests.dll" adapterTypeName="executor://yolodev/expecto" className="Feature163 ValidationLanes" name="default lane definitions include required minimum lanes with isolated outputs" />
    </UnitTest>
    <UnitTest name="Feature163 PackageFeed.discovers packable packages and classifies stale current and missing pins" storage="/home/developer/projects/fs.gg.rendering/tests/rendering.harness.tests/bin/debug/net10.0/rendering.harness.tests.dll" id="0ad5cff1-3fd6-2619-a935-be483c22da79">
      <Execution id="0c4113de-4b52-4c1d-94ad-bfe0cd02e7de" />
      <TestMethod codeBase="/home/developer/projects/FS.GG.Rendering/tests/Rendering.Harness.Tests/bin/Debug/net10.0/Rendering.Harness.Tests.dll" adapterTypeName="executor://yolodev/expecto" className="Feature163 PackageFeed" name="discovers packable packages and classifies stale current and missing pins" />
    </UnitTest>
    <UnitTest name="Feature163 PackageSourceProof.clear-global-cache without cold mode is a cache policy violation" storage="/home/developer/projects/fs.gg.rendering/tests/rendering.harness.tests/bin/debug/net10.0/rendering.harness.tests.dll" id="9e973f61-385a-2cd9-3b2c-3fa66b36601a">
      <Execution id="00102021-e693-43e9-bcc9-0b41ec0c1769" />
      <TestMethod codeBase="/home/developer/projects/FS.GG.Rendering/tests/Rendering.Harness.Tests/bin/Debug/net10.0/Rendering.Harness.Tests.dll" adapterTypeName="executor://yolodev/expecto" className="Feature163 PackageSourceProof" name="clear-global-cache without cold mode is a cache policy violation" />
    </UnitTest>
    <UnitTest name="Feature163 ValidationLanes.process runner classifies passed failed timed-out and hung lanes" storage="/home/developer/projects/fs.gg.rendering/tests/rendering.harness.tests/bin/debug/net10.0/rendering.harness.tests.dll" id="2ea10f5a-2a14-b315-2362-a9f3fea0f5a8">
      <Execution id="df79a836-46d6-4c72-8f3b-8068a225f77a" />
      <TestMethod codeBase="/home/developer/projects/FS.GG.Rendering/tests/Rendering.Harness.Tests/bin/Debug/net10.0/Rendering.Harness.Tests.dll" adapterTypeName="executor://yolodev/expecto" className="Feature163 ValidationLanes" name="process runner classifies passed failed timed-out and hung lanes" />
    </UnitTest>
    <UnitTest name="Feature163 ValidationSummary.Synthetic mixed summary renders all eight lane statuses and aggregate separation" storage="/home/developer/projects/fs.gg.rendering/tests/rendering.harness.tests/bin/debug/net10.0/rendering.harness.tests.dll" id="f4f57ca7-9ddc-34a1-259d-5cb4e251ec36">
      <Execution id="2436c716-c85a-4781-9571-959c05fd45b0" />
      <TestMethod codeBase="/home/developer/projects/FS.GG.Rendering/tests/Rendering.Harness.Tests/bin/Debug/net10.0/Rendering.Harness.Tests.dll" adapterTypeName="executor://yolodev/expecto" className="Feature163 ValidationSummary" name="Synthetic mixed summary renders all eight lane statuses and aggregate separation" />
    </UnitTest>
    <UnitTest name="Feature163 ValidationSummary.Synthetic readiness is blocked for failed required lanes and incomplete for not-run lanes" storage="/home/developer/projects/fs.gg.rendering/tests/rendering.harness.tests/bin/debug/net10.0/rendering.harness.tests.dll" id="59516c00-625c-0775-bf70-ad2d218b70fa">
      <Execution id="75d57ec0-1b47-4104-b035-c3a43cee20f9" />
      <TestMethod codeBase="/home/developer/projects/FS.GG.Rendering/tests/Rendering.Harness.Tests/bin/Debug/net10.0/Rendering.Harness.Tests.dll" adapterTypeName="executor://yolodev/expecto" className="Feature163 ValidationSummary" name="Synthetic readiness is blocked for failed required lanes and incomplete for not-run lanes" />
    </UnitTest>
    <UnitTest name="Feature163 PackageSourceProof.generated NuGet config constrains FS.GG.UI packages to local feed rule" storage="/home/developer/projects/fs.gg.rendering/tests/rendering.harness.tests/bin/debug/net10.0/rendering.harness.tests.dll" id="380e2f2b-9788-e709-352f-2fca234b1bc7">
      <Execution id="cb1eb8c3-ebff-45bf-8047-f892bcd7bf14" />
      <TestMethod codeBase="/home/developer/projects/FS.GG.Rendering/tests/Rendering.Harness.Tests/bin/Debug/net10.0/Rendering.Harness.Tests.dll" adapterTypeName="executor://yolodev/expecto" className="Feature163 PackageSourceProof.generated NuGet config constrains FS.GG" name="UI packages to local feed rule" />
    </UnitTest>
    <UnitTest name="Feature163 PackageSourceProof.proof mode fails closed when expected local feed package is missing" storage="/home/developer/projects/fs.gg.rendering/tests/rendering.harness.tests/bin/debug/net10.0/rendering.harness.tests.dll" id="c2bdfe0f-29c2-e073-9ff6-6e51a3c343d0">
      <Execution id="94f4bf80-5e79-4a0e-b84e-c6c42555bc34" />
      <TestMethod codeBase="/home/developer/projects/FS.GG.Rendering/tests/Rendering.Harness.Tests/bin/Debug/net10.0/Rendering.Harness.Tests.dll" adapterTypeName="executor://yolodev/expecto" className="Feature163 PackageSourceProof" name="proof mode fails closed when expected local feed package is missing" />
    </UnitTest>
    <UnitTest name="Feature163 PackageFeed.accepted compatibility exception is explicit and not a silent stale-pin pass" storage="/home/developer/projects/fs.gg.rendering/tests/rendering.harness.tests/bin/debug/net10.0/rendering.harness.tests.dll" id="d0c5c946-ef25-ff0d-1dd3-db7773477894">
      <Execution id="cba2aa4d-82af-4d62-88c2-8116fefb0d66" />
      <TestMethod codeBase="/home/developer/projects/FS.GG.Rendering/tests/Rendering.Harness.Tests/bin/Debug/net10.0/Rendering.Harness.Tests.dll" adapterTypeName="executor://yolodev/expecto" className="Feature163 PackageFeed" name="accepted compatibility exception is explicit and not a silent stale-pin pass" />
    </UnitTest>
    <UnitTest name="Feature163 PackageSourceProof.proof mode reports no-selected-samples and no-package-pins distinctly" storage="/home/developer/projects/fs.gg.rendering/tests/rendering.harness.tests/bin/debug/net10.0/rendering.harness.tests.dll" id="638b357e-5a01-8f3b-dd32-290aecdf452e">
      <Execution id="98965f49-167d-47a4-a75f-2c1eb445a34b" />
      <TestMethod codeBase="/home/developer/projects/FS.GG.Rendering/tests/Rendering.Harness.Tests/bin/Debug/net10.0/Rendering.Harness.Tests.dll" adapterTypeName="executor://yolodev/expecto" className="Feature163 PackageSourceProof" name="proof mode reports no-selected-samples and no-package-pins distinctly" />
    </UnitTest>
    <UnitTest name="Feature163 ValidationLanes.pure lane MVU records start completion cancellation and summary effects" storage="/home/developer/projects/fs.gg.rendering/tests/rendering.harness.tests/bin/debug/net10.0/rendering.harness.tests.dll" id="ccce2471-7b3c-6290-2c34-d4d5a251800d">
      <Execution id="d1f15627-0a2f-4e18-8c40-f534c94ae2bc" />
      <TestMethod codeBase="/home/developer/projects/FS.GG.Rendering/tests/Rendering.Harness.Tests/bin/Debug/net10.0/Rendering.Harness.Tests.dll" adapterTypeName="executor://yolodev/expecto" className="Feature163 ValidationLanes" name="pure lane MVU records start completion cancellation and summary effects" />
    </UnitTest>
    <UnitTest name="Feature163 PackageFeed.refresh mode rewrites stale FS.GG.UI package pins before sample build" storage="/home/developer/projects/fs.gg.rendering/tests/rendering.harness.tests/bin/debug/net10.0/rendering.harness.tests.dll" id="dfb25dec-748b-9f5a-0458-ecab274d7c14">
      <Execution id="603194ea-d129-4c3d-a483-64f0bf2e1991" />
      <TestMethod codeBase="/home/developer/projects/FS.GG.Rendering/tests/Rendering.Harness.Tests/bin/Debug/net10.0/Rendering.Harness.Tests.dll" adapterTypeName="executor://yolodev/expecto" className="Feature163 PackageFeed.refresh mode rewrites stale FS.GG" name="UI package pins before sample build" />
    </UnitTest>
  </TestDefinitions>
  <TestEntries>
    <TestEntry testId="2ea10f5a-2a14-b315-2362-a9f3fea0f5a8" executionId="df79a836-46d6-4c72-8f3b-8068a225f77a" testListId="8c84fa94-04c1-424b-9868-57a2d4851a1d" />
    <TestEntry testId="9e973f61-385a-2cd9-3b2c-3fa66b36601a" executionId="00102021-e693-43e9-bcc9-0b41ec0c1769" testListId="8c84fa94-04c1-424b-9868-57a2d4851a1d" />
    <TestEntry testId="c2bdfe0f-29c2-e073-9ff6-6e51a3c343d0" executionId="94f4bf80-5e79-4a0e-b84e-c6c42555bc34" testListId="8c84fa94-04c1-424b-9868-57a2d4851a1d" />
    <TestEntry testId="696ab8b8-315c-7266-d8d4-ad4ca16f0dfe" executionId="5762da22-a657-4952-9d68-8d43b9c80fce" testListId="8c84fa94-04c1-424b-9868-57a2d4851a1d" />
    <TestEntry testId="638b357e-5a01-8f3b-dd32-290aecdf452e" executionId="98965f49-167d-47a4-a75f-2c1eb445a34b" testListId="8c84fa94-04c1-424b-9868-57a2d4851a1d" />
    <TestEntry testId="59516c00-625c-0775-bf70-ad2d218b70fa" executionId="75d57ec0-1b47-4104-b035-c3a43cee20f9" testListId="8c84fa94-04c1-424b-9868-57a2d4851a1d" />
    <TestEntry testId="ccce2471-7b3c-6290-2c34-d4d5a251800d" executionId="d1f15627-0a2f-4e18-8c40-f534c94ae2bc" testListId="8c84fa94-04c1-424b-9868-57a2d4851a1d" />
    <TestEntry testId="dfb25dec-748b-9f5a-0458-ecab274d7c14" executionId="603194ea-d129-4c3d-a483-64f0bf2e1991" testListId="8c84fa94-04c1-424b-9868-57a2d4851a1d" />
    <TestEntry testId="f4f57ca7-9ddc-34a1-259d-5cb4e251ec36" executionId="2436c716-c85a-4781-9571-959c05fd45b0" testListId="8c84fa94-04c1-424b-9868-57a2d4851a1d" />
    <TestEntry testId="94f95e69-f23d-e191-673a-4f76f038bba1" executionId="4b2daa70-7c4d-4f4d-84ec-1eb641cc30ff" testListId="8c84fa94-04c1-424b-9868-57a2d4851a1d" />
    <TestEntry testId="d0c5c946-ef25-ff0d-1dd3-db7773477894" executionId="cba2aa4d-82af-4d62-88c2-8116fefb0d66" testListId="8c84fa94-04c1-424b-9868-57a2d4851a1d" />
    <TestEntry testId="380e2f2b-9788-e709-352f-2fca234b1bc7" executionId="cb1eb8c3-ebff-45bf-8047-f892bcd7bf14" testListId="8c84fa94-04c1-424b-9868-57a2d4851a1d" />
    <TestEntry testId="0ad5cff1-3fd6-2619-a935-be483c22da79" executionId="0c4113de-4b52-4c1d-94ad-bfe0cd02e7de" testListId="8c84fa94-04c1-424b-9868-57a2d4851a1d" />
  </TestEntries>
  <TestLists>
    <TestList name="Results Not in a List" id="8c84fa94-04c1-424b-9868-57a2d4851a1d" />
    <TestList name="All Loaded Results" id="19431567-8539-422a-85d7-44ee4e166bda" />
  </TestLists>
  <ResultSummary outcome="Completed">
    <Counters total="13" executed="13" passed="13" failed="0" error="0" timeout="0" aborted="0" inconclusive="0" passedButRunAborted="0" notRunnable="0" notExecuted="0" disconnected="0" warning="0" completed="0" inProgress="0" pending="0" />
    <RunInfos>
      <RunInfo computerName="ee01623d796c" outcome="Warning" timestamp="2026-06-19T09:42:03.3617700+02:00">
        <Text>Data collector 'Blame' message: All tests finished running, Sequence file will not be generated.</Text>
      </RunInfo>
    </RunInfos>
  </ResultSummary>
</TestRun>